<?xml version="1.0" encoding="ISO-8859-1" ?>
<link_info>
   <banner>TI ARM Linker PC v20.2.5.LTS</banner>
   <copyright>Copyright (c) 1996-2018 Texas Instruments Incorporated</copyright>
   <link_time>0x61be76ec</link_time>
   <link_errors>0x0</link_errors>
   <output_file>Microwave_Popcorn_Timer.out</output_file>
   <entry_point>
      <name>_c_int00_noargs</name>
      <address>0x27e5</address>
   </entry_point>
   <input_file_list>
      <input_file id="fl-2">
         <path>.\</path>
         <kind>object</kind>
         <file>main.obj</file>
         <name>main.obj</name>
      </input_file>
      <input_file id="fl-3">
         <path>.\</path>
         <kind>object</kind>
         <file>startup_msp432p401r_ccs.obj</file>
         <name>startup_msp432p401r_ccs.obj</name>
      </input_file>
      <input_file id="fl-4">
         <path>.\</path>
         <kind>object</kind>
         <file>system_msp432p401r.obj</file>
         <name>system_msp432p401r.obj</name>
      </input_file>
      <input_file id="fl-8">
         <kind>object</kind>
         <file>&lt;internal&gt;</file>
         <name>&lt;internal&gt;</name>
      </input_file>
      <input_file id="fl-be">
         <path>C:\ti\ccs1040\ccs\tools\compiler\ti-cgt-arm_20.2.5.LTS\lib\</path>
         <kind>archive</kind>
         <file>rtsv7M4_T_le_v4SPD16_eabi.lib</file>
         <name>sprintf.c.obj</name>
      </input_file>
      <input_file id="fl-bf">
         <path>C:\ti\ccs1040\ccs\tools\compiler\ti-cgt-arm_20.2.5.LTS\lib\</path>
         <kind>archive</kind>
         <file>rtsv7M4_T_le_v4SPD16_eabi.lib</file>
         <name>fd_add_t2.asm.obj</name>
      </input_file>
      <input_file id="fl-c0">
         <path>C:\ti\ccs1040\ccs\tools\compiler\ti-cgt-arm_20.2.5.LTS\lib\</path>
         <kind>archive</kind>
         <file>rtsv7M4_T_le_v4SPD16_eabi.lib</file>
         <name>fd_div_t2.asm.obj</name>
      </input_file>
      <input_file id="fl-c1">
         <path>C:\ti\ccs1040\ccs\tools\compiler\ti-cgt-arm_20.2.5.LTS\lib\</path>
         <kind>archive</kind>
         <file>rtsv7M4_T_le_v4SPD16_eabi.lib</file>
         <name>fd_tos_t2.asm.obj</name>
      </input_file>
      <input_file id="fl-c2">
         <path>C:\ti\ccs1040\ccs\tools\compiler\ti-cgt-arm_20.2.5.LTS\lib\</path>
         <kind>archive</kind>
         <file>rtsv7M4_T_le_v4SPD16_eabi.lib</file>
         <name>fs_tod_t2.asm.obj</name>
      </input_file>
      <input_file id="fl-c3">
         <path>C:\ti\ccs1040\ccs\tools\compiler\ti-cgt-arm_20.2.5.LTS\lib\</path>
         <kind>archive</kind>
         <file>rtsv7M4_T_le_v4SPD16_eabi.lib</file>
         <name>i_tofd_t2.asm.obj</name>
      </input_file>
      <input_file id="fl-c4">
         <path>C:\ti\ccs1040\ccs\tools\compiler\ti-cgt-arm_20.2.5.LTS\lib\</path>
         <kind>archive</kind>
         <file>rtsv7M4_T_le_v4SPD16_eabi.lib</file>
         <name>memcpy_t2.asm.obj</name>
      </input_file>
      <input_file id="fl-c5">
         <path>C:\ti\ccs1040\ccs\tools\compiler\ti-cgt-arm_20.2.5.LTS\lib\</path>
         <kind>archive</kind>
         <file>rtsv7M4_T_le_v4SPD16_eabi.lib</file>
         <name>copy_zero_init.c.obj</name>
      </input_file>
      <input_file id="fl-c6">
         <path>C:\ti\ccs1040\ccs\tools\compiler\ti-cgt-arm_20.2.5.LTS\lib\</path>
         <kind>archive</kind>
         <file>rtsv7M4_T_le_v4SPD16_eabi.lib</file>
         <name>copy_decompress_none.c.obj</name>
      </input_file>
      <input_file id="fl-c7">
         <path>C:\ti\ccs1040\ccs\tools\compiler\ti-cgt-arm_20.2.5.LTS\lib\</path>
         <kind>archive</kind>
         <file>rtsv7M4_T_le_v4SPD16_eabi.lib</file>
         <name>copy_decompress_lzss.c.obj</name>
      </input_file>
      <input_file id="fl-c8">
         <path>C:\ti\ccs1040\ccs\tools\compiler\ti-cgt-arm_20.2.5.LTS\lib\</path>
         <kind>archive</kind>
         <file>rtsv7M4_T_le_v4SPD16_eabi.lib</file>
         <name>boot_cortex_m.c.obj</name>
      </input_file>
      <input_file id="fl-c9">
         <path>C:\ti\ccs1040\ccs\tools\compiler\ti-cgt-arm_20.2.5.LTS\lib\</path>
         <kind>archive</kind>
         <file>rtsv7M4_T_le_v4SPD16_eabi.lib</file>
         <name>_printfi.c.obj</name>
      </input_file>
      <input_file id="fl-ca">
         <path>C:\ti\ccs1040\ccs\tools\compiler\ti-cgt-arm_20.2.5.LTS\lib\</path>
         <kind>archive</kind>
         <file>rtsv7M4_T_le_v4SPD16_eabi.lib</file>
         <name>s_frexp.c.obj</name>
      </input_file>
      <input_file id="fl-cb">
         <path>C:\ti\ccs1040\ccs\tools\compiler\ti-cgt-arm_20.2.5.LTS\lib\</path>
         <kind>archive</kind>
         <file>rtsv7M4_T_le_v4SPD16_eabi.lib</file>
         <name>s_scalbn.c.obj</name>
      </input_file>
      <input_file id="fl-cc">
         <path>C:\ti\ccs1040\ccs\tools\compiler\ti-cgt-arm_20.2.5.LTS\lib\</path>
         <kind>archive</kind>
         <file>rtsv7M4_T_le_v4SPD16_eabi.lib</file>
         <name>wcslen.c.obj</name>
      </input_file>
      <input_file id="fl-cd">
         <path>C:\ti\ccs1040\ccs\tools\compiler\ti-cgt-arm_20.2.5.LTS\lib\</path>
         <kind>archive</kind>
         <file>rtsv7M4_T_le_v4SPD16_eabi.lib</file>
         <name>fd_cmp_t2.asm.obj</name>
      </input_file>
      <input_file id="fl-ce">
         <path>C:\ti\ccs1040\ccs\tools\compiler\ti-cgt-arm_20.2.5.LTS\lib\</path>
         <kind>archive</kind>
         <file>rtsv7M4_T_le_v4SPD16_eabi.lib</file>
         <name>fd_mul_t2.asm.obj</name>
      </input_file>
      <input_file id="fl-cf">
         <path>C:\ti\ccs1040\ccs\tools\compiler\ti-cgt-arm_20.2.5.LTS\lib\</path>
         <kind>archive</kind>
         <file>rtsv7M4_T_le_v4SPD16_eabi.lib</file>
         <name>fd_toi_t2.asm.obj</name>
      </input_file>
      <input_file id="fl-d0">
         <path>C:\ti\ccs1040\ccs\tools\compiler\ti-cgt-arm_20.2.5.LTS\lib\</path>
         <kind>archive</kind>
         <file>rtsv7M4_T_le_v4SPD16_eabi.lib</file>
         <name>ull_div_t2.asm.obj</name>
      </input_file>
      <input_file id="fl-d1">
         <path>C:\ti\ccs1040\ccs\tools\compiler\ti-cgt-arm_20.2.5.LTS\lib\</path>
         <kind>archive</kind>
         <file>rtsv7M4_T_le_v4SPD16_eabi.lib</file>
         <name>memset_t2.asm.obj</name>
      </input_file>
      <input_file id="fl-d2">
         <path>C:\ti\ccs1040\ccs\tools\compiler\ti-cgt-arm_20.2.5.LTS\lib\</path>
         <kind>archive</kind>
         <file>rtsv7M4_T_le_v4SPD16_eabi.lib</file>
         <name>autoinit.c.obj</name>
      </input_file>
      <input_file id="fl-d3">
         <path>C:\ti\ccs1040\ccs\tools\compiler\ti-cgt-arm_20.2.5.LTS\lib\</path>
         <kind>archive</kind>
         <file>rtsv7M4_T_le_v4SPD16_eabi.lib</file>
         <name>pre_init.c.obj</name>
      </input_file>
      <input_file id="fl-d4">
         <path>C:\ti\ccs1040\ccs\tools\compiler\ti-cgt-arm_20.2.5.LTS\lib\</path>
         <kind>archive</kind>
         <file>rtsv7M4_T_le_v4SPD16_eabi.lib</file>
         <name>cpy_tbl.c.obj</name>
      </input_file>
      <input_file id="fl-d5">
         <path>C:\ti\ccs1040\ccs\tools\compiler\ti-cgt-arm_20.2.5.LTS\lib\</path>
         <kind>archive</kind>
         <file>rtsv7M4_T_le_v4SPD16_eabi.lib</file>
         <name>exit.c.obj</name>
      </input_file>
      <input_file id="fl-d6">
         <path>C:\ti\ccs1040\ccs\tools\compiler\ti-cgt-arm_20.2.5.LTS\lib\</path>
         <kind>archive</kind>
         <file>rtsv7M4_T_le_v4SPD16_eabi.lib</file>
         <name>_lock.c.obj</name>
      </input_file>
      <input_file id="fl-d7">
         <path>C:\ti\ccs1040\ccs\tools\compiler\ti-cgt-arm_20.2.5.LTS\lib\</path>
         <kind>archive</kind>
         <file>rtsv7M4_T_le_v4SPD16_eabi.lib</file>
         <name>_ltoa.c.obj</name>
      </input_file>
      <input_file id="fl-d8">
         <path>C:\ti\ccs1040\ccs\tools\compiler\ti-cgt-arm_20.2.5.LTS\lib\</path>
         <kind>archive</kind>
         <file>rtsv7M4_T_le_v4SPD16_eabi.lib</file>
         <name>args_main.c.obj</name>
      </input_file>
      <input_file id="fl-d9">
         <path>C:\ti\ccs1040\ccs\tools\compiler\ti-cgt-arm_20.2.5.LTS\lib\</path>
         <kind>archive</kind>
         <file>rtsv7M4_T_le_v4SPD16_eabi.lib</file>
         <name>atoi.c.obj</name>
      </input_file>
      <input_file id="fl-da">
         <path>C:\ti\ccs1040\ccs\tools\compiler\ti-cgt-arm_20.2.5.LTS\lib\</path>
         <kind>archive</kind>
         <file>rtsv7M4_T_le_v4SPD16_eabi.lib</file>
         <name>ctype.c.obj</name>
      </input_file>
      <input_file id="fl-db">
         <path>C:\ti\ccs1040\ccs\tools\compiler\ti-cgt-arm_20.2.5.LTS\lib\</path>
         <kind>archive</kind>
         <file>rtsv7M4_T_le_v4SPD16_eabi.lib</file>
         <name>memccpy.c.obj</name>
      </input_file>
      <input_file id="fl-dc">
         <path>C:\ti\ccs1040\ccs\tools\compiler\ti-cgt-arm_20.2.5.LTS\lib\</path>
         <kind>archive</kind>
         <file>rtsv7M4_T_le_v4SPD16_eabi.lib</file>
         <name>strchr.c.obj</name>
      </input_file>
      <input_file id="fl-dd">
         <path>C:\ti\ccs1040\ccs\tools\compiler\ti-cgt-arm_20.2.5.LTS\lib\</path>
         <kind>archive</kind>
         <file>rtsv7M4_T_le_v4SPD16_eabi.lib</file>
         <name>strlen.c.obj</name>
      </input_file>
      <input_file id="fl-de">
         <path>C:\ti\ccs1040\ccs\tools\compiler\ti-cgt-arm_20.2.5.LTS\lib\</path>
         <kind>archive</kind>
         <file>rtsv7M4_T_le_v4SPD16_eabi.lib</file>
         <name>errno.c.obj</name>
      </input_file>
      <input_file id="fl-df">
         <path>C:\ti\ccs1040\ccs\tools\compiler\ti-cgt-arm_20.2.5.LTS\lib\</path>
         <kind>archive</kind>
         <file>rtsv7M4_T_le_v4SPD16_eabi.lib</file>
         <name>s_copysign.c.obj</name>
      </input_file>
      <input_file id="fl-e0">
         <path>C:\ti\ccs1040\ccs\tools\compiler\ti-cgt-arm_20.2.5.LTS\lib\</path>
         <kind>archive</kind>
         <file>rtsv7M4_T_le_v4SPD16_eabi.lib</file>
         <name>div0.asm.obj</name>
      </input_file>
   </input_file_list>
   <object_component_list>
      <object_component id="oc-26">
         <name>.intvecs:retain</name>
         <load_address>0x0</load_address>
         <run_address>0x0</run_address>
         <size>0xe4</size>
         <input_file_ref idref="fl-3"/>
      </object_component>
      <object_component id="oc-134">
         <name>.text:__TI_printfi</name>
         <load_address>0xe4</load_address>
         <run_address>0xe4</run_address>
         <size>0xa4e</size>
         <input_file_ref idref="fl-c9"/>
      </object_component>
      <object_component id="oc-280">
         <name>.text</name>
         <load_address>0xb32</load_address>
         <run_address>0xb32</run_address>
         <size>0x2</size>
         <input_file_ref idref="fl-e0"/>
      </object_component>
      <object_component id="oc-6d">
         <name>.text</name>
         <load_address>0xb34</load_address>
         <run_address>0xb34</run_address>
         <size>0x640</size>
         <input_file_ref idref="fl-2"/>
      </object_component>
      <object_component id="oc-a5">
         <name>.text</name>
         <load_address>0x1174</load_address>
         <run_address>0x1174</run_address>
         <size>0x334</size>
         <input_file_ref idref="fl-4"/>
      </object_component>
      <object_component id="oc-1b1">
         <name>.text:_pconv_a</name>
         <load_address>0x14a8</load_address>
         <run_address>0x14a8</run_address>
         <size>0x270</size>
         <input_file_ref idref="fl-c9"/>
      </object_component>
      <object_component id="oc-19f">
         <name>.text:_pconv_g</name>
         <load_address>0x1718</load_address>
         <run_address>0x1718</run_address>
         <size>0x1d0</size>
         <input_file_ref idref="fl-c9"/>
      </object_component>
      <object_component id="oc-c6">
         <name>.text</name>
         <load_address>0x18e8</load_address>
         <run_address>0x18e8</run_address>
         <size>0x1b6</size>
         <input_file_ref idref="fl-bf"/>
      </object_component>
      <object_component id="oc-1ab">
         <name>.text:_pconv_e</name>
         <load_address>0x1aa0</load_address>
         <run_address>0x1aa0</run_address>
         <size>0x13c</size>
         <input_file_ref idref="fl-c9"/>
      </object_component>
      <object_component id="oc-bc">
         <name>.text</name>
         <load_address>0x1bdc</load_address>
         <run_address>0x1bdc</run_address>
         <size>0x136</size>
         <input_file_ref idref="fl-c0"/>
      </object_component>
      <object_component id="oc-22a">
         <name>.text:fcvt</name>
         <load_address>0x1d14</load_address>
         <run_address>0x1d14</run_address>
         <size>0x124</size>
         <input_file_ref idref="fl-c9"/>
      </object_component>
      <object_component id="oc-23e">
         <name>.text:scalbn</name>
         <load_address>0x1e38</load_address>
         <run_address>0x1e38</run_address>
         <size>0x110</size>
         <input_file_ref idref="fl-cb"/>
      </object_component>
      <object_component id="oc-208">
         <name>.text</name>
         <load_address>0x1f48</load_address>
         <run_address>0x1f48</run_address>
         <size>0xfc</size>
         <input_file_ref idref="fl-ce"/>
      </object_component>
      <object_component id="oc-194">
         <name>.text:_ltostr</name>
         <load_address>0x2044</load_address>
         <run_address>0x2044</run_address>
         <size>0xb1</size>
         <input_file_ref idref="fl-c9"/>
      </object_component>
      <object_component id="oc-37">
         <name>.text</name>
         <load_address>0x20f6</load_address>
         <run_address>0x20f6</run_address>
         <size>0x9c</size>
         <input_file_ref idref="fl-c4"/>
      </object_component>
      <object_component id="oc-201">
         <name>.text</name>
         <load_address>0x2192</load_address>
         <run_address>0x2192</run_address>
         <size>0x96</size>
         <input_file_ref idref="fl-d0"/>
      </object_component>
      <object_component id="oc-19a">
         <name>.text:__aeabi_cdcmple</name>
         <load_address>0x2228</load_address>
         <run_address>0x2228</run_address>
         <size>0x86</size>
         <input_file_ref idref="fl-cd"/>
      </object_component>
      <object_component id="oc-20d">
         <name>.text:__aeabi_cdrcmple</name>
         <load_address>0x22ae</load_address>
         <run_address>0x22ae</run_address>
         <size>0x86</size>
         <input_file_ref idref="fl-cd"/>
      </object_component>
      <object_component id="oc-8d">
         <name>.text</name>
         <load_address>0x2334</load_address>
         <run_address>0x2334</run_address>
         <size>0x7a</size>
         <input_file_ref idref="fl-d1"/>
      </object_component>
      <object_component id="oc-223">
         <name>.text:_mcpy</name>
         <load_address>0x23ae</load_address>
         <run_address>0x23ae</run_address>
         <size>0x6e</size>
         <input_file_ref idref="fl-c9"/>
      </object_component>
      <object_component id="oc-c1">
         <name>.text</name>
         <load_address>0x241c</load_address>
         <run_address>0x241c</run_address>
         <size>0x6e</size>
         <input_file_ref idref="fl-c1"/>
      </object_component>
      <object_component id="oc-17">
         <name>.text:decompress:lzss:__TI_decompress_lzss</name>
         <load_address>0x248a</load_address>
         <run_address>0x248a</run_address>
         <size>0x68</size>
         <input_file_ref idref="fl-c7"/>
      </object_component>
      <object_component id="oc-238">
         <name>.text:frexp</name>
         <load_address>0x24f4</load_address>
         <run_address>0x24f4</run_address>
         <size>0x64</size>
         <input_file_ref idref="fl-ca"/>
      </object_component>
      <object_component id="oc-1a5">
         <name>.text:_pconv_f</name>
         <load_address>0x2558</load_address>
         <run_address>0x2558</run_address>
         <size>0x56</size>
         <input_file_ref idref="fl-c9"/>
      </object_component>
      <object_component id="oc-217">
         <name>.text:__TI_ltoa</name>
         <load_address>0x25ae</load_address>
         <run_address>0x25ae</run_address>
         <size>0x54</size>
         <input_file_ref idref="fl-d7"/>
      </object_component>
      <object_component id="oc-21d">
         <name>.text:_ecpy</name>
         <load_address>0x2602</load_address>
         <run_address>0x2602</run_address>
         <size>0x52</size>
         <input_file_ref idref="fl-c9"/>
      </object_component>
      <object_component id="oc-18e">
         <name>.text:atoi</name>
         <load_address>0x2654</load_address>
         <run_address>0x2654</run_address>
         <size>0x4c</size>
         <input_file_ref idref="fl-d9"/>
      </object_component>
      <object_component id="oc-212">
         <name>.text</name>
         <load_address>0x26a0</load_address>
         <run_address>0x26a0</run_address>
         <size>0x48</size>
         <input_file_ref idref="fl-cf"/>
      </object_component>
      <object_component id="oc-f8">
         <name>.text:__TI_auto_init_nobinit_nopinit:__TI_auto_init_nobinit_nopinit</name>
         <load_address>0x26e8</load_address>
         <run_address>0x26e8</run_address>
         <size>0x44</size>
         <input_file_ref idref="fl-d2"/>
      </object_component>
      <object_component id="oc-b1">
         <name>.text:sprintf</name>
         <load_address>0x272c</load_address>
         <run_address>0x272c</run_address>
         <size>0x40</size>
         <input_file_ref idref="fl-be"/>
      </object_component>
      <object_component id="oc-230">
         <name>.text:_fcpy</name>
         <load_address>0x276c</load_address>
         <run_address>0x276c</run_address>
         <size>0x3e</size>
         <input_file_ref idref="fl-c9"/>
      </object_component>
      <object_component id="oc-ac">
         <name>.text</name>
         <load_address>0x27aa</load_address>
         <run_address>0x27aa</run_address>
         <size>0x38</size>
         <input_file_ref idref="fl-c2"/>
      </object_component>
      <object_component id="oc-55">
         <name>.text:_c_int00_noargs:_c_int00_noargs</name>
         <load_address>0x27e4</load_address>
         <run_address>0x27e4</run_address>
         <size>0x34</size>
         <input_file_ref idref="fl-c8"/>
      </object_component>
      <object_component id="oc-b7">
         <name>.text</name>
         <load_address>0x2818</load_address>
         <run_address>0x2818</run_address>
         <size>0x2e</size>
         <input_file_ref idref="fl-c3"/>
      </object_component>
      <object_component id="oc-43">
         <name>.text:decompress:ZI:__TI_zero_init_nomemset:__TI_zero_init_nomemset</name>
         <load_address>0x2846</load_address>
         <run_address>0x2846</run_address>
         <size>0x1c</size>
         <input_file_ref idref="fl-c5"/>
      </object_component>
      <object_component id="oc-1b7">
         <name>.text:memccpy</name>
         <load_address>0x2862</load_address>
         <run_address>0x2862</run_address>
         <size>0x1c</size>
         <input_file_ref idref="fl-db"/>
      </object_component>
      <object_component id="oc-296">
         <name>.text:copysign</name>
         <load_address>0x287e</load_address>
         <run_address>0x287e</run_address>
         <size>0x1a</size>
         <input_file_ref idref="fl-df"/>
      </object_component>
      <object_component id="oc-13a">
         <name>.text:_outs</name>
         <load_address>0x2898</load_address>
         <run_address>0x2898</run_address>
         <size>0x18</size>
         <input_file_ref idref="fl-be"/>
      </object_component>
      <object_component id="oc-244">
         <name>.text:strchr</name>
         <load_address>0x28b0</load_address>
         <run_address>0x28b0</run_address>
         <size>0x16</size>
         <input_file_ref idref="fl-dc"/>
      </object_component>
      <object_component id="oc-188">
         <name>.text:strlen</name>
         <load_address>0x28c6</load_address>
         <run_address>0x28c6</run_address>
         <size>0x14</size>
         <input_file_ref idref="fl-dd"/>
      </object_component>
      <object_component id="oc-1bd">
         <name>.text:wcslen</name>
         <load_address>0x28da</load_address>
         <run_address>0x28da</run_address>
         <size>0x12</size>
         <input_file_ref idref="fl-cc"/>
      </object_component>
      <object_component id="oc-1d">
         <name>.text:decompress:none:__TI_decompress_none</name>
         <load_address>0x28ec</load_address>
         <run_address>0x28ec</run_address>
         <size>0xe</size>
         <input_file_ref idref="fl-c6"/>
      </object_component>
      <object_component id="oc-67">
         <name>.text</name>
         <load_address>0x28fa</load_address>
         <run_address>0x28fa</run_address>
         <size>0xe</size>
         <input_file_ref idref="fl-3"/>
      </object_component>
      <object_component id="oc-140">
         <name>.text:_outc</name>
         <load_address>0x2908</load_address>
         <run_address>0x2908</run_address>
         <size>0xa</size>
         <input_file_ref idref="fl-be"/>
      </object_component>
      <object_component id="oc-1c3">
         <name>.text:__aeabi_errno_addr</name>
         <load_address>0x2914</load_address>
         <run_address>0x2914</run_address>
         <size>0x8</size>
         <input_file_ref idref="fl-de"/>
      </object_component>
      <object_component id="oc-93">
         <name>.text:_system_pre_init</name>
         <load_address>0x291c</load_address>
         <run_address>0x291c</run_address>
         <size>0x4</size>
         <input_file_ref idref="fl-d3"/>
      </object_component>
      <object_component id="oc-ec">
         <name>.text:abort:abort</name>
         <load_address>0x2920</load_address>
         <run_address>0x2920</run_address>
         <size>0x4</size>
         <input_file_ref idref="fl-d5"/>
      </object_component>
      <object_component id="oc-d1">
         <name>.const:font_table</name>
         <load_address>0x2924</load_address>
         <run_address>0x2924</run_address>
         <size>0x3f0</size>
         <input_file_ref idref="fl-2"/>
      </object_component>
      <object_component id="oc-1fc">
         <name>.const:.string:_ctypes_</name>
         <load_address>0x2d14</load_address>
         <run_address>0x2d14</run_address>
         <size>0x101</size>
         <input_file_ref idref="fl-da"/>
      </object_component>
      <object_component id="oc-2f2">
         <name>__TI_handler_table</name>
         <load_address>0x2e18</load_address>
         <run_address>0x2e18</run_address>
         <size>0xc</size>
      </object_component>
      <object_component id="oc-2f4">
         <name>.cinit..data.load</name>
         <load_address>0x2e24</load_address>
         <run_address>0x2e24</run_address>
         <size>0xb</size>
      </object_component>
      <object_component id="oc-2f5">
         <name>.cinit..bss.load</name>
         <load_address>0x2e30</load_address>
         <run_address>0x2e30</run_address>
         <size>0x8</size>
      </object_component>
      <object_component id="oc-2f3">
         <name>__TI_cinit_table</name>
         <load_address>0x2e38</load_address>
         <run_address>0x2e38</run_address>
         <size>0x10</size>
      </object_component>
      <object_component id="oc-2c6">
         <name>.binit</name>
         <load_address>0x0</load_address>
         <run_address>0x0</run_address>
         <size>0x0</size>
      </object_component>
      <object_component id="oc-cb">
         <name>.data</name>
         <load_address>0x20000000</load_address>
         <run_address>0x20000000</run_address>
         <size>0xc</size>
         <input_file_ref idref="fl-2"/>
      </object_component>
      <object_component id="oc-12a">
         <name>.data</name>
         <load_address>0x20000010</load_address>
         <run_address>0x20000010</run_address>
         <size>0x4</size>
         <input_file_ref idref="fl-4"/>
      </object_component>
      <object_component id="oc-254">
         <name>.data</name>
         <load_address>0x2000000c</load_address>
         <run_address>0x2000000c</run_address>
         <size>0x4</size>
         <input_file_ref idref="fl-de"/>
      </object_component>
      <object_component id="oc-ce">
         <name>.common:cutoff</name>
         <uninitialized>true</uninitialized>
         <run_address>0x20000014</run_address>
         <size>0x4</size>
      </object_component>
      <object_component id="oc-29">
         <name>.stack</name>
         <uninitialized>true</uninitialized>
         <run_address>0x2000fe00</run_address>
         <size>0x4</size>
         <input_file_ref idref="fl-c8"/>
      </object_component>
      <object_component id="oc-2f7">
         <name>.stack</name>
         <uninitialized>true</uninitialized>
         <run_address>0x2000fe00</run_address>
         <size>0x0</size>
      </object_component>
      <object_component id="oc-cf">
         <name>.debug_info</name>
         <load_address>0x0</load_address>
         <run_address>0x0</run_address>
         <size>0x5f8</size>
         <input_file_ref idref="fl-2"/>
      </object_component>
      <object_component id="oc-cc">
         <name>.debug_info</name>
         <load_address>0x5f8</load_address>
         <run_address>0x5f8</run_address>
         <size>0x12d</size>
         <input_file_ref idref="fl-2"/>
      </object_component>
      <object_component id="oc-d2">
         <name>.debug_info</name>
         <load_address>0x725</load_address>
         <run_address>0x725</run_address>
         <size>0x10b</size>
         <input_file_ref idref="fl-2"/>
      </object_component>
      <object_component id="oc-6f">
         <name>.debug_info</name>
         <load_address>0x830</load_address>
         <run_address>0x830</run_address>
         <size>0xcc6</size>
         <input_file_ref idref="fl-2"/>
      </object_component>
      <object_component id="oc-155">
         <name>.debug_info</name>
         <load_address>0x14f6</load_address>
         <run_address>0x14f6</run_address>
         <size>0x37e2</size>
         <input_file_ref idref="fl-2"/>
      </object_component>
      <object_component id="oc-15a">
         <name>.debug_info</name>
         <load_address>0x4cd8</load_address>
         <run_address>0x4cd8</run_address>
         <size>0x1055</size>
         <input_file_ref idref="fl-2"/>
      </object_component>
      <object_component id="oc-d7">
         <name>.debug_info</name>
         <load_address>0x5d2d</load_address>
         <run_address>0x5d2d</run_address>
         <size>0x26b</size>
         <input_file_ref idref="fl-2"/>
      </object_component>
      <object_component id="oc-32">
         <name>.debug_info</name>
         <load_address>0x5f98</load_address>
         <run_address>0x5f98</run_address>
         <size>0x84</size>
         <input_file_ref idref="fl-2"/>
      </object_component>
      <object_component id="oc-161">
         <name>.debug_info</name>
         <load_address>0x601c</load_address>
         <run_address>0x601c</run_address>
         <size>0x2a4</size>
         <input_file_ref idref="fl-2"/>
      </object_component>
      <object_component id="oc-12e">
         <name>.debug_info</name>
         <load_address>0x62c0</load_address>
         <run_address>0x62c0</run_address>
         <size>0xbb</size>
         <input_file_ref idref="fl-2"/>
      </object_component>
      <object_component id="oc-148">
         <name>.debug_info</name>
         <load_address>0x637b</load_address>
         <run_address>0x637b</run_address>
         <size>0x2c</size>
         <input_file_ref idref="fl-2"/>
      </object_component>
      <object_component id="oc-75">
         <name>.debug_info</name>
         <load_address>0x63a7</load_address>
         <run_address>0x63a7</run_address>
         <size>0x2fe</size>
         <input_file_ref idref="fl-3"/>
      </object_component>
      <object_component id="oc-27">
         <name>.debug_info</name>
         <load_address>0x66a5</load_address>
         <run_address>0x66a5</run_address>
         <size>0x12a</size>
         <input_file_ref idref="fl-3"/>
      </object_component>
      <object_component id="oc-6a">
         <name>.debug_info</name>
         <load_address>0x67cf</load_address>
         <run_address>0x67cf</run_address>
         <size>0x1f1</size>
         <input_file_ref idref="fl-3"/>
      </object_component>
      <object_component id="oc-12b">
         <name>.debug_info</name>
         <load_address>0x69c0</load_address>
         <run_address>0x69c0</run_address>
         <size>0x123</size>
         <input_file_ref idref="fl-4"/>
      </object_component>
      <object_component id="oc-a7">
         <name>.debug_info</name>
         <load_address>0x6ae3</load_address>
         <run_address>0x6ae3</run_address>
         <size>0x295</size>
         <input_file_ref idref="fl-4"/>
      </object_component>
      <object_component id="oc-147">
         <name>.debug_info</name>
         <load_address>0x6d78</load_address>
         <run_address>0x6d78</run_address>
         <size>0x333</size>
         <input_file_ref idref="fl-be"/>
      </object_component>
      <object_component id="oc-b3">
         <name>.debug_info</name>
         <load_address>0x70ab</load_address>
         <run_address>0x70ab</run_address>
         <size>0x1d1</size>
         <input_file_ref idref="fl-be"/>
      </object_component>
      <object_component id="oc-13d">
         <name>.debug_info</name>
         <load_address>0x727c</load_address>
         <run_address>0x727c</run_address>
         <size>0x18d</size>
         <input_file_ref idref="fl-be"/>
      </object_component>
      <object_component id="oc-143">
         <name>.debug_info</name>
         <load_address>0x7409</load_address>
         <run_address>0x7409</run_address>
         <size>0x16d</size>
         <input_file_ref idref="fl-be"/>
      </object_component>
      <object_component id="oc-25b">
         <name>.debug_info</name>
         <load_address>0x7576</load_address>
         <run_address>0x7576</run_address>
         <size>0x2c</size>
         <input_file_ref idref="fl-be"/>
      </object_component>
      <object_component id="oc-c9">
         <name>.debug_info</name>
         <load_address>0x75a2</load_address>
         <run_address>0x75a2</run_address>
         <size>0x14c</size>
         <input_file_ref idref="fl-bf"/>
      </object_component>
      <object_component id="oc-bd">
         <name>.debug_info</name>
         <load_address>0x76ee</load_address>
         <run_address>0x76ee</run_address>
         <size>0x13a</size>
         <input_file_ref idref="fl-c0"/>
      </object_component>
      <object_component id="oc-c4">
         <name>.debug_info</name>
         <load_address>0x7828</load_address>
         <run_address>0x7828</run_address>
         <size>0x13e</size>
         <input_file_ref idref="fl-c1"/>
      </object_component>
      <object_component id="oc-af">
         <name>.debug_info</name>
         <load_address>0x7966</load_address>
         <run_address>0x7966</run_address>
         <size>0x12c</size>
         <input_file_ref idref="fl-c2"/>
      </object_component>
      <object_component id="oc-b8">
         <name>.debug_info</name>
         <load_address>0x7a92</load_address>
         <run_address>0x7a92</run_address>
         <size>0x12c</size>
         <input_file_ref idref="fl-c3"/>
      </object_component>
      <object_component id="oc-39">
         <name>.debug_info</name>
         <load_address>0x7bbe</load_address>
         <run_address>0x7bbe</run_address>
         <size>0x119</size>
         <input_file_ref idref="fl-c4"/>
      </object_component>
      <object_component id="oc-8c">
         <name>.debug_info</name>
         <load_address>0x7cd7</load_address>
         <run_address>0x7cd7</run_address>
         <size>0x2d4</size>
         <input_file_ref idref="fl-c5"/>
      </object_component>
      <object_component id="oc-46">
         <name>.debug_info</name>
         <load_address>0x7fab</load_address>
         <run_address>0x7fab</run_address>
         <size>0x1d2</size>
         <input_file_ref idref="fl-c5"/>
      </object_component>
      <object_component id="oc-87">
         <name>.debug_info</name>
         <load_address>0x817d</load_address>
         <run_address>0x817d</run_address>
         <size>0x46</size>
         <input_file_ref idref="fl-c5"/>
      </object_component>
      <object_component id="oc-e3">
         <name>.debug_info</name>
         <load_address>0x81c3</load_address>
         <run_address>0x81c3</run_address>
         <size>0x2c</size>
         <input_file_ref idref="fl-c5"/>
      </object_component>
      <object_component id="oc-42">
         <name>.debug_info</name>
         <load_address>0x81ef</load_address>
         <run_address>0x81ef</run_address>
         <size>0x2a8</size>
         <input_file_ref idref="fl-c6"/>
      </object_component>
      <object_component id="oc-1e">
         <name>.debug_info</name>
         <load_address>0x8497</load_address>
         <run_address>0x8497</run_address>
         <size>0x1ea</size>
         <input_file_ref idref="fl-c6"/>
      </object_component>
      <object_component id="oc-3d">
         <name>.debug_info</name>
         <load_address>0x8681</load_address>
         <run_address>0x8681</run_address>
         <size>0x46</size>
         <input_file_ref idref="fl-c6"/>
      </object_component>
      <object_component id="oc-7f">
         <name>.debug_info</name>
         <load_address>0x86c7</load_address>
         <run_address>0x86c7</run_address>
         <size>0x2c</size>
         <input_file_ref idref="fl-c6"/>
      </object_component>
      <object_component id="oc-7d">
         <name>.debug_info</name>
         <load_address>0x86f3</load_address>
         <run_address>0x86f3</run_address>
         <size>0x29e</size>
         <input_file_ref idref="fl-c7"/>
      </object_component>
      <object_component id="oc-18">
         <name>.debug_info</name>
         <load_address>0x8991</load_address>
         <run_address>0x8991</run_address>
         <size>0x250</size>
         <input_file_ref idref="fl-c7"/>
      </object_component>
      <object_component id="oc-2d">
         <name>.debug_info</name>
         <load_address>0x8be1</load_address>
         <run_address>0x8be1</run_address>
         <size>0x60</size>
         <input_file_ref idref="fl-c7"/>
      </object_component>
      <object_component id="oc-dc">
         <name>.debug_info</name>
         <load_address>0x8c41</load_address>
         <run_address>0x8c41</run_address>
         <size>0x46</size>
         <input_file_ref idref="fl-c7"/>
      </object_component>
      <object_component id="oc-78">
         <name>.debug_info</name>
         <load_address>0x8c87</load_address>
         <run_address>0x8c87</run_address>
         <size>0x39</size>
         <input_file_ref idref="fl-c7"/>
      </object_component>
      <object_component id="oc-2a">
         <name>.debug_info</name>
         <load_address>0x8cc0</load_address>
         <run_address>0x8cc0</run_address>
         <size>0x10b</size>
         <input_file_ref idref="fl-c8"/>
      </object_component>
      <object_component id="oc-57">
         <name>.debug_info</name>
         <load_address>0x8dcb</load_address>
         <run_address>0x8dcb</run_address>
         <size>0x1a9</size>
         <input_file_ref idref="fl-c8"/>
      </object_component>
      <object_component id="oc-1ca">
         <name>.debug_info</name>
         <load_address>0x8f74</load_address>
         <run_address>0x8f74</run_address>
         <size>0x590</size>
         <input_file_ref idref="fl-c9"/>
      </object_component>
      <object_component id="oc-195">
         <name>.debug_info</name>
         <load_address>0x9504</load_address>
         <run_address>0x9504</run_address>
         <size>0x21e</size>
         <input_file_ref idref="fl-c9"/>
      </object_component>
      <object_component id="oc-21f">
         <name>.debug_info</name>
         <load_address>0x9722</load_address>
         <run_address>0x9722</run_address>
         <size>0x1b3</size>
         <input_file_ref idref="fl-c9"/>
      </object_component>
      <object_component id="oc-225">
         <name>.debug_info</name>
         <load_address>0x98d5</load_address>
         <run_address>0x98d5</run_address>
         <size>0x21b</size>
         <input_file_ref idref="fl-c9"/>
      </object_component>
      <object_component id="oc-1a1">
         <name>.debug_info</name>
         <load_address>0x9af0</load_address>
         <run_address>0x9af0</run_address>
         <size>0x3c0</size>
         <input_file_ref idref="fl-c9"/>
      </object_component>
      <object_component id="oc-22b">
         <name>.debug_info</name>
         <load_address>0x9eb0</load_address>
         <run_address>0x9eb0</run_address>
         <size>0x30a</size>
         <input_file_ref idref="fl-c9"/>
      </object_component>
      <object_component id="oc-231">
         <name>.debug_info</name>
         <load_address>0xa1ba</load_address>
         <run_address>0xa1ba</run_address>
         <size>0x215</size>
         <input_file_ref idref="fl-c9"/>
      </object_component>
      <object_component id="oc-1a6">
         <name>.debug_info</name>
         <load_address>0xa3cf</load_address>
         <run_address>0xa3cf</run_address>
         <size>0x215</size>
         <input_file_ref idref="fl-c9"/>
      </object_component>
      <object_component id="oc-1ad">
         <name>.debug_info</name>
         <load_address>0xa5e4</load_address>
         <run_address>0xa5e4</run_address>
         <size>0x304</size>
         <input_file_ref idref="fl-c9"/>
      </object_component>
      <object_component id="oc-1b3">
         <name>.debug_info</name>
         <load_address>0xa8e8</load_address>
         <run_address>0xa8e8</run_address>
         <size>0x4b5</size>
         <input_file_ref idref="fl-c9"/>
      </object_component>
      <object_component id="oc-136">
         <name>.debug_info</name>
         <load_address>0xad9d</load_address>
         <run_address>0xad9d</run_address>
         <size>0x5f4</size>
         <input_file_ref idref="fl-c9"/>
      </object_component>
      <object_component id="oc-1cb">
         <name>.debug_info</name>
         <load_address>0xb391</load_address>
         <run_address>0xb391</run_address>
         <size>0x86</size>
         <input_file_ref idref="fl-c9"/>
      </object_component>
      <object_component id="oc-260">
         <name>.debug_info</name>
         <load_address>0xb417</load_address>
         <run_address>0xb417</run_address>
         <size>0x39</size>
         <input_file_ref idref="fl-c9"/>
      </object_component>
      <object_component id="oc-2ad">
         <name>.debug_info</name>
         <load_address>0xb450</load_address>
         <run_address>0xb450</run_address>
         <size>0xb6</size>
         <input_file_ref idref="fl-c9"/>
      </object_component>
      <object_component id="oc-265">
         <name>.debug_info</name>
         <load_address>0xb506</load_address>
         <run_address>0xb506</run_address>
         <size>0x46</size>
         <input_file_ref idref="fl-c9"/>
      </object_component>
      <object_component id="oc-1d0">
         <name>.debug_info</name>
         <load_address>0xb54c</load_address>
         <run_address>0xb54c</run_address>
         <size>0x46</size>
         <input_file_ref idref="fl-c9"/>
      </object_component>
      <object_component id="oc-290">
         <name>.debug_info</name>
         <load_address>0xb592</load_address>
         <run_address>0xb592</run_address>
         <size>0x295</size>
         <input_file_ref idref="fl-ca"/>
      </object_component>
      <object_component id="oc-239">
         <name>.debug_info</name>
         <load_address>0xb827</load_address>
         <run_address>0xb827</run_address>
         <size>0x195</size>
         <input_file_ref idref="fl-ca"/>
      </object_component>
      <object_component id="oc-2b9">
         <name>.debug_info</name>
         <load_address>0xb9bc</load_address>
         <run_address>0xb9bc</run_address>
         <size>0x39</size>
         <input_file_ref idref="fl-ca"/>
      </object_component>
      <object_component id="oc-291">
         <name>.debug_info</name>
         <load_address>0xb9f5</load_address>
         <run_address>0xb9f5</run_address>
         <size>0x2c</size>
         <input_file_ref idref="fl-ca"/>
      </object_component>
      <object_component id="oc-29d">
         <name>.debug_info</name>
         <load_address>0xba21</load_address>
         <run_address>0xba21</run_address>
         <size>0x2f8</size>
         <input_file_ref idref="fl-cb"/>
      </object_component>
      <object_component id="oc-242">
         <name>.debug_info</name>
         <load_address>0xbd19</load_address>
         <run_address>0xbd19</run_address>
         <size>0x225</size>
         <input_file_ref idref="fl-cb"/>
      </object_component>
      <object_component id="oc-253">
         <name>.debug_info</name>
         <load_address>0xbf3e</load_address>
         <run_address>0xbf3e</run_address>
         <size>0x28f</size>
         <input_file_ref idref="fl-cc"/>
      </object_component>
      <object_component id="oc-1c1">
         <name>.debug_info</name>
         <load_address>0xc1cd</load_address>
         <run_address>0xc1cd</run_address>
         <size>0x15a</size>
         <input_file_ref idref="fl-cc"/>
      </object_component>
      <object_component id="oc-2a2">
         <name>.debug_info</name>
         <load_address>0xc327</load_address>
         <run_address>0xc327</run_address>
         <size>0x46</size>
         <input_file_ref idref="fl-cc"/>
      </object_component>
      <object_component id="oc-24e">
         <name>.debug_info</name>
         <load_address>0xc36d</load_address>
         <run_address>0xc36d</run_address>
         <size>0x39</size>
         <input_file_ref idref="fl-cc"/>
      </object_component>
      <object_component id="oc-19c">
         <name>.debug_info</name>
         <load_address>0xc3a6</load_address>
         <run_address>0xc3a6</run_address>
         <size>0x128</size>
         <input_file_ref idref="fl-cd"/>
      </object_component>
      <object_component id="oc-210">
         <name>.debug_info</name>
         <load_address>0xc4ce</load_address>
         <run_address>0xc4ce</run_address>
         <size>0x12a</size>
         <input_file_ref idref="fl-cd"/>
      </object_component>
      <object_component id="oc-20a">
         <name>.debug_info</name>
         <load_address>0xc5f8</load_address>
         <run_address>0xc5f8</run_address>
         <size>0x13a</size>
         <input_file_ref idref="fl-ce"/>
      </object_component>
      <object_component id="oc-214">
         <name>.debug_info</name>
         <load_address>0xc732</load_address>
         <run_address>0xc732</run_address>
         <size>0x12e</size>
         <input_file_ref idref="fl-cf"/>
      </object_component>
      <object_component id="oc-202">
         <name>.debug_info</name>
         <load_address>0xc860</load_address>
         <run_address>0xc860</run_address>
         <size>0x134</size>
         <input_file_ref idref="fl-d0"/>
      </object_component>
      <object_component id="oc-90">
         <name>.debug_info</name>
         <load_address>0xc994</load_address>
         <run_address>0xc994</run_address>
         <size>0x147</size>
         <input_file_ref idref="fl-d1"/>
      </object_component>
      <object_component id="oc-171">
         <name>.debug_info</name>
         <load_address>0xcadb</load_address>
         <run_address>0xcadb</run_address>
         <size>0x4b3</size>
         <input_file_ref idref="fl-d2"/>
      </object_component>
      <object_component id="oc-fc">
         <name>.debug_info</name>
         <load_address>0xcf8e</load_address>
         <run_address>0xcf8e</run_address>
         <size>0x1a6</size>
         <input_file_ref idref="fl-d2"/>
      </object_component>
      <object_component id="oc-1e9">
         <name>.debug_info</name>
         <load_address>0xd134</load_address>
         <run_address>0xd134</run_address>
         <size>0x39</size>
         <input_file_ref idref="fl-d2"/>
      </object_component>
      <object_component id="oc-26d">
         <name>.debug_info</name>
         <load_address>0xd16d</load_address>
         <run_address>0xd16d</run_address>
         <size>0x39</size>
         <input_file_ref idref="fl-d2"/>
      </object_component>
      <object_component id="oc-1ee">
         <name>.debug_info</name>
         <load_address>0xd1a6</load_address>
         <run_address>0xd1a6</run_address>
         <size>0x39</size>
         <input_file_ref idref="fl-d2"/>
      </object_component>
      <object_component id="oc-1f3">
         <name>.debug_info</name>
         <load_address>0xd1df</load_address>
         <run_address>0xd1df</run_address>
         <size>0xcd</size>
         <input_file_ref idref="fl-d2"/>
      </object_component>
      <object_component id="oc-96">
         <name>.debug_info</name>
         <load_address>0xd2ac</load_address>
         <run_address>0xd2ac</run_address>
         <size>0x153</size>
         <input_file_ref idref="fl-d3"/>
      </object_component>
      <object_component id="oc-ed">
         <name>.debug_info</name>
         <load_address>0xd3ff</load_address>
         <run_address>0xd3ff</run_address>
         <size>0x122</size>
         <input_file_ref idref="fl-d5"/>
      </object_component>
      <object_component id="oc-28a">
         <name>.debug_info</name>
         <load_address>0xd521</load_address>
         <run_address>0xd521</run_address>
         <size>0x29c</size>
         <input_file_ref idref="fl-d7"/>
      </object_component>
      <object_component id="oc-21a">
         <name>.debug_info</name>
         <load_address>0xd7bd</load_address>
         <run_address>0xd7bd</run_address>
         <size>0x1da</size>
         <input_file_ref idref="fl-d7"/>
      </object_component>
      <object_component id="oc-200">
         <name>.debug_info</name>
         <load_address>0xd997</load_address>
         <run_address>0xd997</run_address>
         <size>0x2b9</size>
         <input_file_ref idref="fl-d9"/>
      </object_component>
      <object_component id="oc-18f">
         <name>.debug_info</name>
         <load_address>0xdc50</load_address>
         <run_address>0xdc50</run_address>
         <size>0x17c</size>
         <input_file_ref idref="fl-d9"/>
      </object_component>
      <object_component id="oc-27d">
         <name>.debug_info</name>
         <load_address>0xddcc</load_address>
         <run_address>0xddcc</run_address>
         <size>0xf9</size>
         <input_file_ref idref="fl-da"/>
      </object_component>
      <object_component id="oc-1fd">
         <name>.debug_info</name>
         <load_address>0xdec5</load_address>
         <run_address>0xdec5</run_address>
         <size>0x105</size>
         <input_file_ref idref="fl-da"/>
      </object_component>
      <object_component id="oc-24c">
         <name>.debug_info</name>
         <load_address>0xdfca</load_address>
         <run_address>0xdfca</run_address>
         <size>0x2a7</size>
         <input_file_ref idref="fl-db"/>
      </object_component>
      <object_component id="oc-1bb">
         <name>.debug_info</name>
         <load_address>0xe271</load_address>
         <run_address>0xe271</run_address>
         <size>0x1b8</size>
         <input_file_ref idref="fl-db"/>
      </object_component>
      <object_component id="oc-29f">
         <name>.debug_info</name>
         <load_address>0xe429</load_address>
         <run_address>0xe429</run_address>
         <size>0x29a</size>
         <input_file_ref idref="fl-dc"/>
      </object_component>
      <object_component id="oc-248">
         <name>.debug_info</name>
         <load_address>0xe6c3</load_address>
         <run_address>0xe6c3</run_address>
         <size>0x262</size>
         <input_file_ref idref="fl-dc"/>
      </object_component>
      <object_component id="oc-1fb">
         <name>.debug_info</name>
         <load_address>0xe925</load_address>
         <run_address>0xe925</run_address>
         <size>0x28f</size>
         <input_file_ref idref="fl-dd"/>
      </object_component>
      <object_component id="oc-18a">
         <name>.debug_info</name>
         <load_address>0xebb4</load_address>
         <run_address>0xebb4</run_address>
         <size>0x245</size>
         <input_file_ref idref="fl-dd"/>
      </object_component>
      <object_component id="oc-258">
         <name>.debug_info</name>
         <load_address>0xedf9</load_address>
         <run_address>0xedf9</run_address>
         <size>0x289</size>
         <input_file_ref idref="fl-de"/>
      </object_component>
      <object_component id="oc-255">
         <name>.debug_info</name>
         <load_address>0xf082</load_address>
         <run_address>0xf082</run_address>
         <size>0x10e</size>
         <input_file_ref idref="fl-de"/>
      </object_component>
      <object_component id="oc-1c4">
         <name>.debug_info</name>
         <load_address>0xf190</load_address>
         <run_address>0xf190</run_address>
         <size>0x14e</size>
         <input_file_ref idref="fl-de"/>
      </object_component>
      <object_component id="oc-297">
         <name>.debug_info</name>
         <load_address>0xf2de</load_address>
         <run_address>0xf2de</run_address>
         <size>0x161</size>
         <input_file_ref idref="fl-df"/>
      </object_component>
      <object_component id="oc-281">
         <name>.debug_info</name>
         <load_address>0xf43f</load_address>
         <run_address>0xf43f</run_address>
         <size>0x115</size>
         <input_file_ref idref="fl-e0"/>
      </object_component>
      <object_component id="oc-2f8">
         <name>.debug_info</name>
         <load_address>0xf554</load_address>
         <run_address>0xf554</run_address>
         <size>0xd6</size>
      </object_component>
      <object_component id="oc-154">
         <name>.debug_line</name>
         <load_address>0x0</load_address>
         <run_address>0x0</run_address>
         <size>0x77</size>
         <input_file_ref idref="fl-2"/>
      </object_component>
      <object_component id="oc-152">
         <name>.debug_line</name>
         <load_address>0x77</load_address>
         <run_address>0x77</run_address>
         <size>0x2d</size>
         <input_file_ref idref="fl-2"/>
      </object_component>
      <object_component id="oc-160">
         <name>.debug_line</name>
         <load_address>0xa4</load_address>
         <run_address>0xa4</run_address>
         <size>0x2d</size>
         <input_file_ref idref="fl-2"/>
      </object_component>
      <object_component id="oc-6e">
         <name>.debug_line</name>
         <load_address>0xd1</load_address>
         <run_address>0xd1</run_address>
         <size>0x32a</size>
         <input_file_ref idref="fl-2"/>
      </object_component>
      <object_component id="oc-158">
         <name>.debug_line</name>
         <load_address>0x3fb</load_address>
         <run_address>0x3fb</run_address>
         <size>0x58</size>
         <input_file_ref idref="fl-2"/>
      </object_component>
      <object_component id="oc-15d">
         <name>.debug_line</name>
         <load_address>0x453</load_address>
         <run_address>0x453</run_address>
         <size>0x5b</size>
         <input_file_ref idref="fl-2"/>
      </object_component>
      <object_component id="oc-da">
         <name>.debug_line</name>
         <load_address>0x4ae</load_address>
         <run_address>0x4ae</run_address>
         <size>0x6f</size>
         <input_file_ref idref="fl-2"/>
      </object_component>
      <object_component id="oc-35">
         <name>.debug_line</name>
         <load_address>0x51d</load_address>
         <run_address>0x51d</run_address>
         <size>0x20</size>
         <input_file_ref idref="fl-2"/>
      </object_component>
      <object_component id="oc-164">
         <name>.debug_line</name>
         <load_address>0x53d</load_address>
         <run_address>0x53d</run_address>
         <size>0x73</size>
         <input_file_ref idref="fl-2"/>
      </object_component>
      <object_component id="oc-131">
         <name>.debug_line</name>
         <load_address>0x5b0</load_address>
         <run_address>0x5b0</run_address>
         <size>0x70</size>
         <input_file_ref idref="fl-2"/>
      </object_component>
      <object_component id="oc-14b">
         <name>.debug_line</name>
         <load_address>0x620</load_address>
         <run_address>0x620</run_address>
         <size>0x6b</size>
         <input_file_ref idref="fl-2"/>
      </object_component>
      <object_component id="oc-d6">
         <name>.debug_line</name>
         <load_address>0x68b</load_address>
         <run_address>0x68b</run_address>
         <size>0x40</size>
         <input_file_ref idref="fl-3"/>
      </object_component>
      <object_component id="oc-74">
         <name>.debug_line</name>
         <load_address>0x6cb</load_address>
         <run_address>0x6cb</run_address>
         <size>0x40</size>
         <input_file_ref idref="fl-3"/>
      </object_component>
      <object_component id="oc-6c">
         <name>.debug_line</name>
         <load_address>0x70b</load_address>
         <run_address>0x70b</run_address>
         <size>0x71</size>
         <input_file_ref idref="fl-3"/>
      </object_component>
      <object_component id="oc-187">
         <name>.debug_line</name>
         <load_address>0x77c</load_address>
         <run_address>0x77c</run_address>
         <size>0x3b</size>
         <input_file_ref idref="fl-4"/>
      </object_component>
      <object_component id="oc-a6">
         <name>.debug_line</name>
         <load_address>0x7b7</load_address>
         <run_address>0x7b7</run_address>
         <size>0x134</size>
         <input_file_ref idref="fl-4"/>
      </object_component>
      <object_component id="oc-1d8">
         <name>.debug_line</name>
         <load_address>0x8eb</load_address>
         <run_address>0x8eb</run_address>
         <size>0x2d</size>
         <input_file_ref idref="fl-be"/>
      </object_component>
      <object_component id="oc-b6">
         <name>.debug_line</name>
         <load_address>0x918</load_address>
         <run_address>0x918</run_address>
         <size>0x4b</size>
         <input_file_ref idref="fl-be"/>
      </object_component>
      <object_component id="oc-13f">
         <name>.debug_line</name>
         <load_address>0x963</load_address>
         <run_address>0x963</run_address>
         <size>0x4b</size>
         <input_file_ref idref="fl-be"/>
      </object_component>
      <object_component id="oc-142">
         <name>.debug_line</name>
         <load_address>0x9ae</load_address>
         <run_address>0x9ae</run_address>
         <size>0x3f</size>
         <input_file_ref idref="fl-be"/>
      </object_component>
      <object_component id="oc-25e">
         <name>.debug_line</name>
         <load_address>0x9ed</load_address>
         <run_address>0x9ed</run_address>
         <size>0x91</size>
         <input_file_ref idref="fl-be"/>
      </object_component>
      <object_component id="oc-c7">
         <name>.debug_line</name>
         <load_address>0xa7e</load_address>
         <run_address>0xa7e</run_address>
         <size>0xd2</size>
         <input_file_ref idref="fl-bf"/>
      </object_component>
      <object_component id="oc-c0">
         <name>.debug_line</name>
         <load_address>0xb50</load_address>
         <run_address>0xb50</run_address>
         <size>0xa8</size>
         <input_file_ref idref="fl-c0"/>
      </object_component>
      <object_component id="oc-c2">
         <name>.debug_line</name>
         <load_address>0xbf8</load_address>
         <run_address>0xbf8</run_address>
         <size>0x67</size>
         <input_file_ref idref="fl-c1"/>
      </object_component>
      <object_component id="oc-ae">
         <name>.debug_line</name>
         <load_address>0xc5f</load_address>
         <run_address>0xc5f</run_address>
         <size>0x57</size>
         <input_file_ref idref="fl-c2"/>
      </object_component>
      <object_component id="oc-bb">
         <name>.debug_line</name>
         <load_address>0xcb6</load_address>
         <run_address>0xcb6</run_address>
         <size>0x50</size>
         <input_file_ref idref="fl-c3"/>
      </object_component>
      <object_component id="oc-3b">
         <name>.debug_line</name>
         <load_address>0xd06</load_address>
         <run_address>0xd06</run_address>
         <size>0x88</size>
         <input_file_ref idref="fl-c4"/>
      </object_component>
      <object_component id="oc-e9">
         <name>.debug_line</name>
         <load_address>0xd8e</load_address>
         <run_address>0xd8e</run_address>
         <size>0x92</size>
         <input_file_ref idref="fl-c5"/>
      </object_component>
      <object_component id="oc-48">
         <name>.debug_line</name>
         <load_address>0xe20</load_address>
         <run_address>0xe20</run_address>
         <size>0x56</size>
         <input_file_ref idref="fl-c5"/>
      </object_component>
      <object_component id="oc-8a">
         <name>.debug_line</name>
         <load_address>0xe76</load_address>
         <run_address>0xe76</run_address>
         <size>0x34</size>
         <input_file_ref idref="fl-c5"/>
      </object_component>
      <object_component id="oc-e6">
         <name>.debug_line</name>
         <load_address>0xeaa</load_address>
         <run_address>0xeaa</run_address>
         <size>0x92</size>
         <input_file_ref idref="fl-c5"/>
      </object_component>
      <object_component id="oc-85">
         <name>.debug_line</name>
         <load_address>0xf3c</load_address>
         <run_address>0xf3c</run_address>
         <size>0x20</size>
         <input_file_ref idref="fl-c6"/>
      </object_component>
      <object_component id="oc-21">
         <name>.debug_line</name>
         <load_address>0xf5c</load_address>
         <run_address>0xf5c</run_address>
         <size>0x55</size>
         <input_file_ref idref="fl-c6"/>
      </object_component>
      <object_component id="oc-40">
         <name>.debug_line</name>
         <load_address>0xfb1</load_address>
         <run_address>0xfb1</run_address>
         <size>0x3a</size>
         <input_file_ref idref="fl-c6"/>
      </object_component>
      <object_component id="oc-82">
         <name>.debug_line</name>
         <load_address>0xfeb</load_address>
         <run_address>0xfeb</run_address>
         <size>0x92</size>
         <input_file_ref idref="fl-c6"/>
      </object_component>
      <object_component id="oc-e2">
         <name>.debug_line</name>
         <load_address>0x107d</load_address>
         <run_address>0x107d</run_address>
         <size>0x20</size>
         <input_file_ref idref="fl-c7"/>
      </object_component>
      <object_component id="oc-1b">
         <name>.debug_line</name>
         <load_address>0x109d</load_address>
         <run_address>0x109d</run_address>
         <size>0xa9</size>
         <input_file_ref idref="fl-c7"/>
      </object_component>
      <object_component id="oc-30">
         <name>.debug_line</name>
         <load_address>0x1146</load_address>
         <run_address>0x1146</run_address>
         <size>0x3a</size>
         <input_file_ref idref="fl-c7"/>
      </object_component>
      <object_component id="oc-df">
         <name>.debug_line</name>
         <load_address>0x1180</load_address>
         <run_address>0x1180</run_address>
         <size>0x9a</size>
         <input_file_ref idref="fl-c7"/>
      </object_component>
      <object_component id="oc-7b">
         <name>.debug_line</name>
         <load_address>0x121a</load_address>
         <run_address>0x121a</run_address>
         <size>0x96</size>
         <input_file_ref idref="fl-c7"/>
      </object_component>
      <object_component id="oc-77">
         <name>.debug_line</name>
         <load_address>0x12b0</load_address>
         <run_address>0x12b0</run_address>
         <size>0x33</size>
         <input_file_ref idref="fl-c8"/>
      </object_component>
      <object_component id="oc-56">
         <name>.debug_line</name>
         <load_address>0x12e3</load_address>
         <run_address>0x12e3</run_address>
         <size>0x45</size>
         <input_file_ref idref="fl-c8"/>
      </object_component>
      <object_component id="oc-25a">
         <name>.debug_line</name>
         <load_address>0x1328</load_address>
         <run_address>0x1328</run_address>
         <size>0x264</size>
         <input_file_ref idref="fl-c9"/>
      </object_component>
      <object_component id="oc-198">
         <name>.debug_line</name>
         <load_address>0x158c</load_address>
         <run_address>0x158c</run_address>
         <size>0x7a</size>
         <input_file_ref idref="fl-c9"/>
      </object_component>
      <object_component id="oc-21e">
         <name>.debug_line</name>
         <load_address>0x1606</load_address>
         <run_address>0x1606</run_address>
         <size>0x51</size>
         <input_file_ref idref="fl-c9"/>
      </object_component>
      <object_component id="oc-224">
         <name>.debug_line</name>
         <load_address>0x1657</load_address>
         <run_address>0x1657</run_address>
         <size>0x88</size>
         <input_file_ref idref="fl-c9"/>
      </object_component>
      <object_component id="oc-1a0">
         <name>.debug_line</name>
         <load_address>0x16df</load_address>
         <run_address>0x16df</run_address>
         <size>0x14d</size>
         <input_file_ref idref="fl-c9"/>
      </object_component>
      <object_component id="oc-22e">
         <name>.debug_line</name>
         <load_address>0x182c</load_address>
         <run_address>0x182c</run_address>
         <size>0xee</size>
         <input_file_ref idref="fl-c9"/>
      </object_component>
      <object_component id="oc-234">
         <name>.debug_line</name>
         <load_address>0x191a</load_address>
         <run_address>0x191a</run_address>
         <size>0x5d</size>
         <input_file_ref idref="fl-c9"/>
      </object_component>
      <object_component id="oc-1a9">
         <name>.debug_line</name>
         <load_address>0x1977</load_address>
         <run_address>0x1977</run_address>
         <size>0x5c</size>
         <input_file_ref idref="fl-c9"/>
      </object_component>
      <object_component id="oc-1ac">
         <name>.debug_line</name>
         <load_address>0x19d3</load_address>
         <run_address>0x19d3</run_address>
         <size>0xae</size>
         <input_file_ref idref="fl-c9"/>
      </object_component>
      <object_component id="oc-1b2">
         <name>.debug_line</name>
         <load_address>0x1a81</load_address>
         <run_address>0x1a81</run_address>
         <size>0x1b0</size>
         <input_file_ref idref="fl-c9"/>
      </object_component>
      <object_component id="oc-135">
         <name>.debug_line</name>
         <load_address>0x1c31</load_address>
         <run_address>0x1c31</run_address>
         <size>0x76f</size>
         <input_file_ref idref="fl-c9"/>
      </object_component>
      <object_component id="oc-1ce">
         <name>.debug_line</name>
         <load_address>0x23a0</load_address>
         <run_address>0x23a0</run_address>
         <size>0x92</size>
         <input_file_ref idref="fl-c9"/>
      </object_component>
      <object_component id="oc-263">
         <name>.debug_line</name>
         <load_address>0x2432</load_address>
         <run_address>0x2432</run_address>
         <size>0x92</size>
         <input_file_ref idref="fl-c9"/>
      </object_component>
      <object_component id="oc-2b0">
         <name>.debug_line</name>
         <load_address>0x24c4</load_address>
         <run_address>0x24c4</run_address>
         <size>0x9a</size>
         <input_file_ref idref="fl-c9"/>
      </object_component>
      <object_component id="oc-268">
         <name>.debug_line</name>
         <load_address>0x255e</load_address>
         <run_address>0x255e</run_address>
         <size>0x97</size>
         <input_file_ref idref="fl-c9"/>
      </object_component>
      <object_component id="oc-1d3">
         <name>.debug_line</name>
         <load_address>0x25f5</load_address>
         <run_address>0x25f5</run_address>
         <size>0x2e</size>
         <input_file_ref idref="fl-c9"/>
      </object_component>
      <object_component id="oc-2b8">
         <name>.debug_line</name>
         <load_address>0x2623</load_address>
         <run_address>0x2623</run_address>
         <size>0x20</size>
         <input_file_ref idref="fl-ca"/>
      </object_component>
      <object_component id="oc-23d">
         <name>.debug_line</name>
         <load_address>0x2643</load_address>
         <run_address>0x2643</run_address>
         <size>0x5e</size>
         <input_file_ref idref="fl-ca"/>
      </object_component>
      <object_component id="oc-2bc">
         <name>.debug_line</name>
         <load_address>0x26a1</load_address>
         <run_address>0x26a1</run_address>
         <size>0x9a</size>
         <input_file_ref idref="fl-ca"/>
      </object_component>
      <object_component id="oc-294">
         <name>.debug_line</name>
         <load_address>0x273b</load_address>
         <run_address>0x273b</run_address>
         <size>0x97</size>
         <input_file_ref idref="fl-ca"/>
      </object_component>
      <object_component id="oc-2c0">
         <name>.debug_line</name>
         <load_address>0x27d2</load_address>
         <run_address>0x27d2</run_address>
         <size>0x9b</size>
         <input_file_ref idref="fl-cb"/>
      </object_component>
      <object_component id="oc-241">
         <name>.debug_line</name>
         <load_address>0x286d</load_address>
         <run_address>0x286d</run_address>
         <size>0xa4</size>
         <input_file_ref idref="fl-cb"/>
      </object_component>
      <object_component id="oc-2a8">
         <name>.debug_line</name>
         <load_address>0x2911</load_address>
         <run_address>0x2911</run_address>
         <size>0x20</size>
         <input_file_ref idref="fl-cc"/>
      </object_component>
      <object_component id="oc-1be">
         <name>.debug_line</name>
         <load_address>0x2931</load_address>
         <run_address>0x2931</run_address>
         <size>0x46</size>
         <input_file_ref idref="fl-cc"/>
      </object_component>
      <object_component id="oc-2a5">
         <name>.debug_line</name>
         <load_address>0x2977</load_address>
         <run_address>0x2977</run_address>
         <size>0x9a</size>
         <input_file_ref idref="fl-cc"/>
      </object_component>
      <object_component id="oc-251">
         <name>.debug_line</name>
         <load_address>0x2a11</load_address>
         <run_address>0x2a11</run_address>
         <size>0x91</size>
         <input_file_ref idref="fl-cc"/>
      </object_component>
      <object_component id="oc-19e">
         <name>.debug_line</name>
         <load_address>0x2aa2</load_address>
         <run_address>0x2aa2</run_address>
         <size>0x77</size>
         <input_file_ref idref="fl-cd"/>
      </object_component>
      <object_component id="oc-20e">
         <name>.debug_line</name>
         <load_address>0x2b19</load_address>
         <run_address>0x2b19</run_address>
         <size>0x77</size>
         <input_file_ref idref="fl-cd"/>
      </object_component>
      <object_component id="oc-20c">
         <name>.debug_line</name>
         <load_address>0x2b90</load_address>
         <run_address>0x2b90</run_address>
         <size>0x8e</size>
         <input_file_ref idref="fl-ce"/>
      </object_component>
      <object_component id="oc-216">
         <name>.debug_line</name>
         <load_address>0x2c1e</load_address>
         <run_address>0x2c1e</run_address>
         <size>0x5a</size>
         <input_file_ref idref="fl-cf"/>
      </object_component>
      <object_component id="oc-205">
         <name>.debug_line</name>
         <load_address>0x2c78</load_address>
         <run_address>0x2c78</run_address>
         <size>0x81</size>
         <input_file_ref idref="fl-d0"/>
      </object_component>
      <object_component id="oc-8e">
         <name>.debug_line</name>
         <load_address>0x2cf9</load_address>
         <run_address>0x2cf9</run_address>
         <size>0x79</size>
         <input_file_ref idref="fl-d1"/>
      </object_component>
      <object_component id="oc-1e8">
         <name>.debug_line</name>
         <load_address>0x2d72</load_address>
         <run_address>0x2d72</run_address>
         <size>0xbf</size>
         <input_file_ref idref="fl-d2"/>
      </object_component>
      <object_component id="oc-fb">
         <name>.debug_line</name>
         <load_address>0x2e31</load_address>
         <run_address>0x2e31</run_address>
         <size>0x6f</size>
         <input_file_ref idref="fl-d2"/>
      </object_component>
      <object_component id="oc-1ec">
         <name>.debug_line</name>
         <load_address>0x2ea0</load_address>
         <run_address>0x2ea0</run_address>
         <size>0x2e</size>
         <input_file_ref idref="fl-d2"/>
      </object_component>
      <object_component id="oc-270">
         <name>.debug_line</name>
         <load_address>0x2ece</load_address>
         <run_address>0x2ece</run_address>
         <size>0x9a</size>
         <input_file_ref idref="fl-d2"/>
      </object_component>
      <object_component id="oc-1f1">
         <name>.debug_line</name>
         <load_address>0x2f68</load_address>
         <run_address>0x2f68</run_address>
         <size>0x97</size>
         <input_file_ref idref="fl-d2"/>
      </object_component>
      <object_component id="oc-1f6">
         <name>.debug_line</name>
         <load_address>0x2fff</load_address>
         <run_address>0x2fff</run_address>
         <size>0x93</size>
         <input_file_ref idref="fl-d2"/>
      </object_component>
      <object_component id="oc-95">
         <name>.debug_line</name>
         <load_address>0x3092</load_address>
         <run_address>0x3092</run_address>
         <size>0x40</size>
         <input_file_ref idref="fl-d3"/>
      </object_component>
      <object_component id="oc-f1">
         <name>.debug_line</name>
         <load_address>0x30d2</load_address>
         <run_address>0x30d2</run_address>
         <size>0x3c</size>
         <input_file_ref idref="fl-d5"/>
      </object_component>
      <object_component id="oc-2b6">
         <name>.debug_line</name>
         <load_address>0x310e</load_address>
         <run_address>0x310e</run_address>
         <size>0x20</size>
         <input_file_ref idref="fl-d7"/>
      </object_component>
      <object_component id="oc-219">
         <name>.debug_line</name>
         <load_address>0x312e</load_address>
         <run_address>0x312e</run_address>
         <size>0x67</size>
         <input_file_ref idref="fl-d7"/>
      </object_component>
      <object_component id="oc-27f">
         <name>.debug_line</name>
         <load_address>0x3195</load_address>
         <run_address>0x3195</run_address>
         <size>0x91</size>
         <input_file_ref idref="fl-d9"/>
      </object_component>
      <object_component id="oc-192">
         <name>.debug_line</name>
         <load_address>0x3226</load_address>
         <run_address>0x3226</run_address>
         <size>0x63</size>
         <input_file_ref idref="fl-d9"/>
      </object_component>
      <object_component id="oc-2b3">
         <name>.debug_line</name>
         <load_address>0x3289</load_address>
         <run_address>0x3289</run_address>
         <size>0x20</size>
         <input_file_ref idref="fl-da"/>
      </object_component>
      <object_component id="oc-27c">
         <name>.debug_line</name>
         <load_address>0x32a9</load_address>
         <run_address>0x32a9</run_address>
         <size>0x2b</size>
         <input_file_ref idref="fl-da"/>
      </object_component>
      <object_component id="oc-2a1">
         <name>.debug_line</name>
         <load_address>0x32d4</load_address>
         <run_address>0x32d4</run_address>
         <size>0x20</size>
         <input_file_ref idref="fl-db"/>
      </object_component>
      <object_component id="oc-1b9">
         <name>.debug_line</name>
         <load_address>0x32f4</load_address>
         <run_address>0x32f4</run_address>
         <size>0x48</size>
         <input_file_ref idref="fl-db"/>
      </object_component>
      <object_component id="oc-2c2">
         <name>.debug_line</name>
         <load_address>0x333c</load_address>
         <run_address>0x333c</run_address>
         <size>0x20</size>
         <input_file_ref idref="fl-dc"/>
      </object_component>
      <object_component id="oc-246">
         <name>.debug_line</name>
         <load_address>0x335c</load_address>
         <run_address>0x335c</run_address>
         <size>0xb0</size>
         <input_file_ref idref="fl-dc"/>
      </object_component>
      <object_component id="oc-27a">
         <name>.debug_line</name>
         <load_address>0x340c</load_address>
         <run_address>0x340c</run_address>
         <size>0x20</size>
         <input_file_ref idref="fl-dd"/>
      </object_component>
      <object_component id="oc-18d">
         <name>.debug_line</name>
         <load_address>0x342c</load_address>
         <run_address>0x342c</run_address>
         <size>0xb2</size>
         <input_file_ref idref="fl-dd"/>
      </object_component>
      <object_component id="oc-2ac">
         <name>.debug_line</name>
         <load_address>0x34de</load_address>
         <run_address>0x34de</run_address>
         <size>0x20</size>
         <input_file_ref idref="fl-de"/>
      </object_component>
      <object_component id="oc-2aa">
         <name>.debug_line</name>
         <load_address>0x34fe</load_address>
         <run_address>0x34fe</run_address>
         <size>0x2b</size>
         <input_file_ref idref="fl-de"/>
      </object_component>
      <object_component id="oc-1c7">
         <name>.debug_line</name>
         <load_address>0x3529</load_address>
         <run_address>0x3529</run_address>
         <size>0x40</size>
         <input_file_ref idref="fl-de"/>
      </object_component>
      <object_component id="oc-29b">
         <name>.debug_line</name>
         <load_address>0x3569</load_address>
         <run_address>0x3569</run_address>
         <size>0x45</size>
         <input_file_ref idref="fl-df"/>
      </object_component>
      <object_component id="oc-284">
         <name>.debug_line</name>
         <load_address>0x35ae</load_address>
         <run_address>0x35ae</run_address>
         <size>0x37</size>
         <input_file_ref idref="fl-e0"/>
      </object_component>
      <object_component id="oc-72">
         <name>.debug_frame</name>
         <load_address>0x0</load_address>
         <run_address>0x0</run_address>
         <size>0x208</size>
         <input_file_ref idref="fl-2"/>
      </object_component>
      <object_component id="oc-69">
         <name>.debug_frame</name>
         <load_address>0x208</load_address>
         <run_address>0x208</run_address>
         <size>0x6c</size>
         <input_file_ref idref="fl-3"/>
      </object_component>
      <object_component id="oc-aa">
         <name>.debug_frame</name>
         <load_address>0x274</load_address>
         <run_address>0x274</run_address>
         <size>0x70</size>
         <input_file_ref idref="fl-4"/>
      </object_component>
      <object_component id="oc-b5">
         <name>.debug_frame</name>
         <load_address>0x2e4</load_address>
         <run_address>0x2e4</run_address>
         <size>0x70</size>
         <input_file_ref idref="fl-be"/>
      </object_component>
      <object_component id="oc-13c">
         <name>.debug_frame</name>
         <load_address>0x354</load_address>
         <run_address>0x354</run_address>
         <size>0x5c</size>
         <input_file_ref idref="fl-be"/>
      </object_component>
      <object_component id="oc-145">
         <name>.debug_frame</name>
         <load_address>0x3b0</load_address>
         <run_address>0x3b0</run_address>
         <size>0x54</size>
         <input_file_ref idref="fl-be"/>
      </object_component>
      <object_component id="oc-44">
         <name>.debug_frame</name>
         <load_address>0x404</load_address>
         <run_address>0x404</run_address>
         <size>0x54</size>
         <input_file_ref idref="fl-c5"/>
      </object_component>
      <object_component id="oc-22">
         <name>.debug_frame</name>
         <load_address>0x458</load_address>
         <run_address>0x458</run_address>
         <size>0x54</size>
         <input_file_ref idref="fl-c6"/>
      </object_component>
      <object_component id="oc-1c">
         <name>.debug_frame</name>
         <load_address>0x4ac</load_address>
         <run_address>0x4ac</run_address>
         <size>0x60</size>
         <input_file_ref idref="fl-c7"/>
      </object_component>
      <object_component id="oc-5a">
         <name>.debug_frame</name>
         <load_address>0x50c</load_address>
         <run_address>0x50c</run_address>
         <size>0x50</size>
         <input_file_ref idref="fl-c8"/>
      </object_component>
      <object_component id="oc-199">
[...]
         <value>0xffffffff</value>
      </symbol>
      <symbol id="sm-d">
         <name>__TI_pprof_out_hndl</name>
         <value>0xffffffff</value>
      </symbol>
      <symbol id="sm-e">
         <name>__TI_prof_data_start</name>
         <value>0xffffffff</value>
      </symbol>
      <symbol id="sm-f">
         <name>__TI_prof_data_size</name>
         <value>0xffffffff</value>
      </symbol>
      <symbol id="sm-d5">
         <name>cutoff</name>
         <value>0x20000014</value>
      </symbol>
      <symbol id="sm-d6">
         <name>GLCD_setCursor</name>
         <value>0xe8b</value>
         <object_component_ref idref="oc-6d"/>
      </symbol>
      <symbol id="sm-d7">
         <name>print_message</name>
         <value>0xcb9</value>
         <object_component_ref idref="oc-6d"/>
      </symbol>
      <symbol id="sm-d8">
         <name>ports_init</name>
         <value>0x1075</value>
         <object_component_ref idref="oc-6d"/>
      </symbol>
      <symbol id="sm-d9">
         <name>GLCD_data_write</name>
         <value>0xe71</value>
         <object_component_ref idref="oc-6d"/>
      </symbol>
      <symbol id="sm-da">
         <name>SPI_init</name>
         <value>0xf37</value>
         <object_component_ref idref="oc-6d"/>
      </symbol>
      <symbol id="sm-db">
         <name>SPI_write</name>
         <value>0xf07</value>
         <object_component_ref idref="oc-6d"/>
      </symbol>
      <symbol id="sm-dc">
         <name>GLCD_putchar</name>
         <value>0xe01</value>
         <object_component_ref idref="oc-6d"/>
      </symbol>
      <symbol id="sm-dd">
         <name>font_table</name>
         <value>0x2924</value>
         <object_component_ref idref="oc-d1"/>
      </symbol>
      <symbol id="sm-de">
         <name>trigger_alarm</name>
         <value>0xc5f</value>
         <object_component_ref idref="oc-6d"/>
      </symbol>
      <symbol id="sm-df">
         <name>GLCD_clear</name>
         <value>0xe39</value>
         <object_component_ref idref="oc-6d"/>
      </symbol>
      <symbol id="sm-e0">
         <name>ADC_init</name>
         <value>0xfb1</value>
         <object_component_ref idref="oc-6d"/>
      </symbol>
      <symbol id="sm-e1">
         <name>timer_init</name>
         <value>0xff3</value>
         <object_component_ref idref="oc-6d"/>
      </symbol>
      <symbol id="sm-e2">
         <name>main</name>
         <value>0xb35</value>
         <object_component_ref idref="oc-6d"/>
      </symbol>
      <symbol id="sm-e3">
         <name>print_float</name>
         <value>0xb91</value>
         <object_component_ref idref="oc-6d"/>
      </symbol>
      <symbol id="sm-e4">
         <name>GLCD_init</name>
         <value>0xeb7</value>
         <object_component_ref idref="oc-6d"/>
      </symbol>
      <symbol id="sm-e5">
         <name>GLCD_command_write</name>
         <value>0xeed</value>
         <object_component_ref idref="oc-6d"/>
      </symbol>
      <symbol id="sm-e6">
         <name>sample_ADC</name>
         <value>0xf89</value>
         <object_component_ref idref="oc-6d"/>
      </symbol>
      <symbol id="sm-e7">
         <name>pop</name>
         <value>0x20000004</value>
         <object_component_ref idref="oc-cb"/>
      </symbol>
      <symbol id="sm-e8">
         <name>PORT5_IRQHandler</name>
         <value>0xd15</value>
         <object_component_ref idref="oc-6d"/>
      </symbol>
      <symbol id="sm-e9">
         <name>end</name>
         <value>0x20000008</value>
         <object_component_ref idref="oc-cb"/>
      </symbol>
      <symbol id="sm-ea">
         <name>TA0_N_IRQHandler</name>
         <value>0xd7b</value>
         <object_component_ref idref="oc-6d"/>
      </symbol>
      <symbol id="sm-eb">
         <name>time</name>
         <value>0x20000000</value>
         <object_component_ref idref="oc-cb"/>
      </symbol>
      <symbol id="sm-ec">
         <name>display_time</name>
         <value>0xb51</value>
         <object_component_ref idref="oc-6d"/>
      </symbol>
      <symbol id="sm-101">
         <name>Reset_Handler</name>
         <value>0x28fb</value>
         <object_component_ref idref="oc-67"/>
      </symbol>
      <symbol id="sm-102">
         <name>Default_Handler</name>
         <value>0x2907</value>
         <object_component_ref idref="oc-67"/>
      </symbol>
      <symbol id="sm-103">
         <name>interruptVectors</name>
         <value>0x0</value>
         <object_component_ref idref="oc-26"/>
      </symbol>
      <symbol id="sm-14b">
         <name>SystemInit</name>
         <value>0x13ed</value>
         <object_component_ref idref="oc-a5"/>
      </symbol>
      <symbol id="sm-14c">
         <name>SystemCoreClockUpdate</name>
         <value>0x1175</value>
         <object_component_ref idref="oc-a5"/>
      </symbol>
      <symbol id="sm-14d">
         <name>SystemCoreClock</name>
         <value>0x20000010</value>
         <object_component_ref idref="oc-12a"/>
      </symbol>
      <symbol id="sm-174">
         <name>sprintf</name>
         <value>0x272d</value>
         <object_component_ref idref="oc-b1"/>
      </symbol>
      <symbol id="sm-18b">
         <name>__aeabi_dsub</name>
         <value>0x18e9</value>
         <object_component_ref idref="oc-c6"/>
      </symbol>
      <symbol id="sm-18c">
         <name>__aeabi_dadd</name>
         <value>0x18f3</value>
         <object_component_ref idref="oc-c6"/>
      </symbol>
      <symbol id="sm-1a0">
         <name>__aeabi_ddiv</name>
         <value>0x1bdd</value>
         <object_component_ref idref="oc-bc"/>
      </symbol>
      <symbol id="sm-1ac">
         <name>__aeabi_d2f</name>
         <value>0x241d</value>
         <object_component_ref idref="oc-c1"/>
      </symbol>
      <symbol id="sm-1b7">
         <name>__aeabi_f2d</name>
         <value>0x27ab</value>
         <object_component_ref idref="oc-ac"/>
      </symbol>
      <symbol id="sm-1c1">
         <name>__aeabi_i2d</name>
         <value>0x2819</value>
         <object_component_ref idref="oc-b7"/>
      </symbol>
      <symbol id="sm-1dc">
         <name>memcpy</name>
         <value>0x20f7</value>
         <object_component_ref idref="oc-37"/>
      </symbol>
      <symbol id="sm-1dd">
         <name>__aeabi_memcpy</name>
         <value>0x20f7</value>
         <object_component_ref idref="oc-37"/>
      </symbol>
      <symbol id="sm-1de">
         <name>__aeabi_memcpy8</name>
         <value>0x20f7</value>
         <object_component_ref idref="oc-37"/>
      </symbol>
      <symbol id="sm-1df">
         <name>__aeabi_memcpy4</name>
         <value>0x20f7</value>
         <object_component_ref idref="oc-37"/>
      </symbol>
      <symbol id="sm-1f8">
         <name>__TI_zero_init_nomemset</name>
         <value>0x2847</value>
         <object_component_ref idref="oc-43"/>
      </symbol>
      <symbol id="sm-20f">
         <name>__TI_decompress_none</name>
         <value>0x28ed</value>
         <object_component_ref idref="oc-1d"/>
      </symbol>
      <symbol id="sm-232">
         <name>__TI_decompress_lzss</name>
         <value>0x248b</value>
         <object_component_ref idref="oc-17"/>
      </symbol>
      <symbol id="sm-245">
         <name>__stack</name>
         <value>0x2000fe00</value>
         <object_component_ref idref="oc-29"/>
      </symbol>
      <symbol id="sm-246">
         <name>_c_int00_noargs</name>
         <value>0x27e5</value>
         <object_component_ref idref="oc-55"/>
      </symbol>
      <symbol id="sm-3ab">
         <name>__TI_printfi</name>
         <value>0xe5</value>
         <object_component_ref idref="oc-134"/>
      </symbol>
      <symbol id="sm-3cb">
         <name>frexpl</name>
         <value>0x24f5</value>
         <object_component_ref idref="oc-238"/>
      </symbol>
      <symbol id="sm-3cc">
         <name>frexp</name>
         <value>0x24f5</value>
         <object_component_ref idref="oc-238"/>
      </symbol>
      <symbol id="sm-3e9">
         <name>scalbn</name>
         <value>0x1e39</value>
         <object_component_ref idref="oc-23e"/>
      </symbol>
      <symbol id="sm-3ea">
         <name>scalbnl</name>
         <value>0x1e39</value>
         <object_component_ref idref="oc-23e"/>
      </symbol>
      <symbol id="sm-3eb">
         <name>ldexpl</name>
         <value>0x1e39</value>
         <object_component_ref idref="oc-23e"/>
      </symbol>
      <symbol id="sm-3ec">
         <name>ldexp</name>
         <value>0x1e39</value>
         <object_component_ref idref="oc-23e"/>
      </symbol>
      <symbol id="sm-405">
         <name>wcslen</name>
         <value>0x28db</value>
         <object_component_ref idref="oc-1bd"/>
      </symbol>
      <symbol id="sm-427">
         <name>__aeabi_cdcmpeq</name>
         <value>0x2229</value>
         <object_component_ref idref="oc-19a"/>
      </symbol>
      <symbol id="sm-428">
         <name>__aeabi_cdcmple</name>
         <value>0x2229</value>
         <object_component_ref idref="oc-19a"/>
      </symbol>
      <symbol id="sm-429">
         <name>__aeabi_cdrcmple</name>
         <value>0x22af</value>
         <object_component_ref idref="oc-20d"/>
      </symbol>
      <symbol id="sm-434">
         <name>__aeabi_dmul</name>
         <value>0x1f49</value>
         <object_component_ref idref="oc-208"/>
      </symbol>
      <symbol id="sm-43e">
         <name>__aeabi_d2iz</name>
         <value>0x26a1</value>
         <object_component_ref idref="oc-212"/>
      </symbol>
      <symbol id="sm-44b">
         <name>__aeabi_uldivmod</name>
         <value>0x2193</value>
         <object_component_ref idref="oc-201"/>
      </symbol>
      <symbol id="sm-45a">
         <name>__aeabi_memset</name>
         <value>0x2337</value>
         <object_component_ref idref="oc-8d"/>
      </symbol>
      <symbol id="sm-45b">
         <name>memset</name>
         <value>0x233d</value>
         <object_component_ref idref="oc-8d"/>
      </symbol>
      <symbol id="sm-45c">
         <name>__aeabi_memset8</name>
         <value>0x2337</value>
         <object_component_ref idref="oc-8d"/>
      </symbol>
      <symbol id="sm-45d">
         <name>__aeabi_memset4</name>
         <value>0x2337</value>
         <object_component_ref idref="oc-8d"/>
      </symbol>
      <symbol id="sm-45e">
         <name>__aeabi_memclr8</name>
         <value>0x2335</value>
         <object_component_ref idref="oc-8d"/>
      </symbol>
      <symbol id="sm-45f">
         <name>__aeabi_memclr4</name>
         <value>0x2335</value>
         <object_component_ref idref="oc-8d"/>
      </symbol>
      <symbol id="sm-460">
         <name>__aeabi_memclr</name>
         <value>0x2335</value>
         <object_component_ref idref="oc-8d"/>
      </symbol>
      <symbol id="sm-488">
         <name>__TI_auto_init_nobinit_nopinit</name>
         <value>0x26e9</value>
         <object_component_ref idref="oc-f8"/>
      </symbol>
      <symbol id="sm-492">
         <name>_system_pre_init</name>
         <value>0x291d</value>
         <object_component_ref idref="oc-93"/>
      </symbol>
      <symbol id="sm-49e">
         <name>C$$EXIT</name>
         <value>0x2921</value>
         <object_component_ref idref="oc-ec"/>
      </symbol>
      <symbol id="sm-49f">
         <name>abort</name>
         <value>0x2921</value>
         <object_component_ref idref="oc-ec"/>
      </symbol>
      <symbol id="sm-4af">
         <name>__TI_ltoa</name>
         <value>0x25af</value>
         <object_component_ref idref="oc-217"/>
      </symbol>
      <symbol id="sm-4c6">
         <name>atoi</name>
         <value>0x2655</value>
         <object_component_ref idref="oc-18e"/>
      </symbol>
      <symbol id="sm-4d1">
         <name>_ctypes_</name>
         <value>0x2d14</value>
         <object_component_ref idref="oc-1fc"/>
      </symbol>
      <symbol id="sm-4e1">
         <name>memccpy</name>
         <value>0x2863</value>
         <object_component_ref idref="oc-1b7"/>
      </symbol>
      <symbol id="sm-4f1">
         <name>strchr</name>
         <value>0x28b1</value>
         <object_component_ref idref="oc-244"/>
      </symbol>
      <symbol id="sm-4ff">
         <name>strlen</name>
         <value>0x28c7</value>
         <object_component_ref idref="oc-188"/>
      </symbol>
      <symbol id="sm-515">
         <name>__aeabi_errno_addr</name>
         <value>0x2915</value>
         <object_component_ref idref="oc-1c3"/>
      </symbol>
      <symbol id="sm-516">
         <name>errno</name>
         <value>0x2000000c</value>
         <object_component_ref idref="oc-254"/>
      </symbol>
      <symbol id="sm-520">
         <name>copysign</name>
         <value>0x287f</value>
         <object_component_ref idref="oc-296"/>
      </symbol>
      <symbol id="sm-521">
         <name>copysignl</name>
         <value>0x287f</value>
         <object_component_ref idref="oc-296"/>
      </symbol>
      <symbol id="sm-52b">
         <name>__aeabi_idiv0</name>
         <value>0xb33</value>
         <object_component_ref idref="oc-280"/>
      </symbol>
      <symbol id="sm-52c">
         <name>__aeabi_ldiv0</name>
         <value>0xb33</value>
         <object_component_ref idref="oc-280"/>
      </symbol>
      <symbol id="sm-52d">
         <name>__TI_static_base__</name>
         <value>0x0</value>
      </symbol>
      <symbol id="sm-530">
         <name>__mpu_init</name>
         <value>0x0</value>
      </symbol>
      <symbol id="sm-531">
         <name>_system_post_cinit</name>
         <value>0x0</value>
      </symbol>
      <symbol id="sm-532">
         <name>NMI_Handler</name>
         <value>0x2907</value>
      </symbol>
      <symbol id="sm-533">
         <name>HardFault_Handler</name>
         <value>0x2907</value>
      </symbol>
      <symbol id="sm-534">
         <name>MemManage_Handler</name>
         <value>0x2907</value>
      </symbol>
      <symbol id="sm-535">
         <name>BusFault_Handler</name>
         <value>0x2907</value>
      </symbol>
      <symbol id="sm-536">
         <name>UsageFault_Handler</name>
         <value>0x2907</value>
      </symbol>
      <symbol id="sm-537">
         <name>SVC_Handler</name>
         <value>0x2907</value>
      </symbol>
      <symbol id="sm-538">
         <name>DebugMon_Handler</name>
         <value>0x2907</value>
      </symbol>
      <symbol id="sm-539">
         <name>PendSV_Handler</name>
         <value>0x2907</value>
      </symbol>
      <symbol id="sm-53a">
         <name>SysTick_Handler</name>
         <value>0x2907</value>
      </symbol>
      <symbol id="sm-53b">
         <name>PSS_IRQHandler</name>
         <value>0x2907</value>
      </symbol>
      <symbol id="sm-53c">
         <name>CS_IRQHandler</name>
         <value>0x2907</value>
      </symbol>
      <symbol id="sm-53d">
         <name>PCM_IRQHandler</name>
         <value>0x2907</value>
      </symbol>
      <symbol id="sm-53e">
         <name>WDT_A_IRQHandler</name>
         <value>0x2907</value>
      </symbol>
      <symbol id="sm-53f">
         <name>FPU_IRQHandler</name>
         <value>0x2907</value>
      </symbol>
      <symbol id="sm-540">
         <name>FLCTL_IRQHandler</name>
         <value>0x2907</value>
      </symbol>
      <symbol id="sm-541">
         <name>COMP_E0_IRQHandler</name>
         <value>0x2907</value>
      </symbol>
      <symbol id="sm-542">
         <name>COMP_E1_IRQHandler</name>
         <value>0x2907</value>
      </symbol>
      <symbol id="sm-543">
         <name>TA0_0_IRQHandler</name>
         <value>0x2907</value>
      </symbol>
      <symbol id="sm-544">
         <name>TA0_N_IRQHandler</name>
         <value>0xd7b</value>
      </symbol>
      <symbol id="sm-545">
         <name>TA1_0_IRQHandler</name>
         <value>0x2907</value>
      </symbol>
      <symbol id="sm-546">
         <name>TA1_N_IRQHandler</name>
         <value>0x2907</value>
      </symbol>
      <symbol id="sm-547">
         <name>TA2_0_IRQHandler</name>
         <value>0x2907</value>
      </symbol>
      <symbol id="sm-548">
         <name>TA2_N_IRQHandler</name>
         <value>0x2907</value>
      </symbol>
      <symbol id="sm-549">
         <name>TA3_0_IRQHandler</name>
         <value>0x2907</value>
      </symbol>
      <symbol id="sm-54a">
         <name>TA3_N_IRQHandler</name>
         <value>0x2907</value>
      </symbol>
      <symbol id="sm-54b">
         <name>EUSCIA0_IRQHandler</name>
         <value>0x2907</value>
      </symbol>
      <symbol id="sm-54c">
         <name>EUSCIA1_IRQHandler</name>
         <value>0x2907</value>
      </symbol>
      <symbol id="sm-54d">
         <name>EUSCIA2_IRQHandler</name>
         <value>0x2907</value>
      </symbol>
      <symbol id="sm-54e">
         <name>EUSCIA3_IRQHandler</name>
         <value>0x2907</value>
      </symbol>
      <symbol id="sm-54f">
         <name>EUSCIB0_IRQHandler</name>
         <value>0x2907</value>
      </symbol>
      <symbol id="sm-550">
         <name>EUSCIB1_IRQHandler</name>
         <value>0x2907</value>
      </symbol>
      <symbol id="sm-551">
         <name>EUSCIB2_IRQHandler</name>
         <value>0x2907</value>
      </symbol>
      <symbol id="sm-552">
         <name>EUSCIB3_IRQHandler</name>
         <value>0x2907</value>
      </symbol>
      <symbol id="sm-553">
         <name>ADC14_IRQHandler</name>
         <value>0x2907</value>
      </symbol>
      <symbol id="sm-554">
         <name>T32_INT1_IRQHandler</name>
         <value>0x2907</value>
      </symbol>
      <symbol id="sm-555">
         <name>T32_INT2_IRQHandler</name>
         <value>0x2907</value>
      </symbol>
      <symbol id="sm-556">
         <name>T32_INTC_IRQHandler</name>
         <value>0x2907</value>
      </symbol>
      <symbol id="sm-557">
         <name>AES256_IRQHandler</name>
         <value>0x2907</value>
      </symbol>
      <symbol id="sm-558">
         <name>RTC_C_IRQHandler</name>
         <value>0x2907</value>
      </symbol>
      <symbol id="sm-559">
         <name>DMA_ERR_IRQHandler</name>
         <value>0x2907</value>
      </symbol>
      <symbol id="sm-55a">
         <name>DMA_INT3_IRQHandler</name>
         <value>0x2907</value>
      </symbol>
      <symbol id="sm-55b">
         <name>DMA_INT2_IRQHandler</name>
         <value>0x2907</value>
      </symbol>
      <symbol id="sm-55c">
         <name>DMA_INT1_IRQHandler</name>
         <value>0x2907</value>
      </symbol>
      <symbol id="sm-55d">
         <name>DMA_INT0_IRQHandler</name>
         <value>0x2907</value>
      </symbol>
      <symbol id="sm-55e">
         <name>PORT1_IRQHandler</name>
         <value>0x2907</value>
      </symbol>
      <symbol id="sm-55f">
         <name>PORT2_IRQHandler</name>
         <value>0x2907</value>
      </symbol>
      <symbol id="sm-560">
         <name>PORT3_IRQHandler</name>
         <value>0x2907</value>
      </symbol>
      <symbol id="sm-561">
         <name>PORT4_IRQHandler</name>
         <value>0x2907</value>
      </symbol>
      <symbol id="sm-562">
         <name>PORT5_IRQHandler</name>
         <value>0xd15</value>
      </symbol>
      <symbol id="sm-563">
         <name>PORT6_IRQHandler</name>
         <value>0x2907</value>
      </symbol>
   </symbol_table>
   <title>Link successful</title>
</link_info>
